// Jest Snapshot v1, https://goo.gl/fbAQLP

exports[`Avatar Placeholder Snapshots Avatar placeholder combinations should match complete avatar data snapshot 1`] = `
[
  {
    "color": "#00BCD4",
    "initials": "A",
    "name": "Alice Johnson",
  },
  {
    "color": "#2196F3",
    "initials": "B",
    "name": "Bob Smith",
  },
  {
    "color": "#3F51B5",
    "initials": "C",
    "name": "Charlie Brown",
  },
]
`;

exports[`Avatar Placeholder Snapshots Color consistency snapshots should match color palette array 1`] = `
[
  "#2196F3",
  "#3F51B5",
  "#673AB7",
  "#9C27B0",
  "#E91E63",
]
`;

exports[`Avatar Placeholder Snapshots Color consistency snapshots should match full name initials 1`] = `
[
  "J",
  "J",
  "M",
  "S",
  "D",
]
`;

exports[`Avatar Placeholder Snapshots Color consistency snapshots should match initials for common names 1`] = `
[
  "A",
  "B",
  "C",
  "D",
  "E",
]
`;

exports[`Avatar Placeholder Snapshots generateAvatarColor snapshots should match snapshot for UUID format 1`] = `"#4CAF50"`;

exports[`Avatar Placeholder Snapshots generateAvatarColor snapshots should match snapshot for empty string ID 1`] = `"#E91E63"`;

exports[`Avatar Placeholder Snapshots generateAvatarColor snapshots should match snapshot for numeric ID 1`] = `"#00BCD4"`;

exports[`Avatar Placeholder Snapshots generateAvatarColor snapshots should match snapshot for short ID 1`] = `"#2196F3"`;

exports[`Avatar Placeholder Snapshots generateAvatarColor snapshots should match snapshot for user ID 1 1`] = `"#00BCD4"`;

exports[`Avatar Placeholder Snapshots generateAvatarColor snapshots should match snapshot for user ID 2 1`] = `"#2196F3"`;

exports[`Avatar Placeholder Snapshots generateAvatarColor snapshots should match snapshot for user ID 3 1`] = `"#3F51B5"`;

exports[`Avatar Placeholder Snapshots getInitials snapshots should match snapshot for empty string 1`] = `"?"`;

exports[`Avatar Placeholder Snapshots getInitials snapshots should match snapshot for full name 1`] = `"J"`;

exports[`Avatar Placeholder Snapshots getInitials snapshots should match snapshot for lowercase name 1`] = `"A"`;

exports[`Avatar Placeholder Snapshots getInitials snapshots should match snapshot for name with special characters 1`] = `"O"`;

exports[`Avatar Placeholder Snapshots getInitials snapshots should match snapshot for numbers in name 1`] = `"U"`;

exports[`Avatar Placeholder Snapshots getInitials snapshots should match snapshot for single name 1`] = `"A"`;

exports[`Avatar Placeholder Snapshots getInitials snapshots should match snapshot for three names 1`] = `"M"`;

exports[`Avatar Placeholder Snapshots getInitials snapshots should match snapshot for whitespace only 1`] = `"?"`;
